// Jest Snapshot v1, https://goo.gl/fbAQLP

exports[`About Default Template 1`] = `
<div class="container">
  <h3>open-source</h3>
  <div class="el-row">
    <div class="el-col el-col-8">
      <p><span class="el-avatar el-avatar--circle"><img src="https://s3.amazonaws.com/uifaces/faces/twitter/badlittleduck/128.jpg" style="object-fit: fill;"></span></p>
    </div>
    <div class="el-col el-col-16">
      <p>Qui corporis id beatae. Voluptas cupiditate nostrum ut quae voluptate enim. Aut mollitia illum nesciunt eius sint. Quo quia omnis adipisci cumque et omnis aut rem molestiae. Ea consectetur aut doloremque quia repellendus hic et autem alias.</p>
    </div>
  </div>
</div>
`;
