// Jest Snapshot v1, https://goo.gl/fbAQLP

exports[`Header Default Template 1`] = `
<div class="container">
  <div class="el-row">
    <div class="el-col el-col-12">
      <div class="header-left">
        <h1 id="name">
          David Turbert
        </h1>
        <h2 id="title">
          Senior Web or Lead Developer / Junior Data Scientist
        </h2>
      </div>
    </div>
    <div class="el-col el-col-12">
      <div>
        <ul class="icons">
          <li id="icons-github"><a target="_blank" href="https://www.github.com/dcyou"><i title="Github link" class="fab fa-github"></i></a></li>
          <li id="icons-linkedin"><a target="_blank" href="https://www.linkedin.com/in/dcyou"><i title="Linkedin link" class="fab fa-linkedin"></i></a></li>
          <li id="icons-twitter"><a target="_blank" href="https://twitter.com/david_turbert"><i title="Twitter link" class="fab fa-twitter"></i></a></li>
          <li id="icons-email"><a target="_blank" href="mailto:david@dcyou.fr"><i title="Email link" class="fas fa-at"></i></a></li>
          <li id="icons-phone"><a target="_blank" href="tel:+33.633.578.939"><i title="Phone link" class="fas fa-phone-alt"></i></a></li>
          <!---->
        </ul>
      </div>
    </div>
  </div>
</div>
`;
